// Jest Snapshot v1, https://goo.gl/fbAQLP

exports[`Menu screen <Menu /> matches previous snapshot 1`] = `
<View
  style={
    Object {
      "alignItems": "center",
      "justifyContent": "center",
    }
  }
>
  <Text>
    Main Menu
  </Text>
</View>
`;
